{
  "$schema": "http://json-schema.org/draft-07/schema",
  "$id": "http://example.com/example.json",
  "type": "object",
  "title": "The root schema",
  "description": "The root schema comprises the entire JSON document.",
  "default": {},
  "examples": [
    {
      "objectLocation": {
        "fullPath": "/path_to_object/object",
        "fileName": "object"
      },
      "versionId": "00000000-0000-0000-0000-000000000000"
    }
  ],
  "required": [
    "objectLocation",
    "versionId"
  ],
  "properties": {
    "objectLocation": {
      "$id": "#/properties/objectLocation",
      "type": "object",
      "title": "The objectLocation schema",
      "description": "An explanation about the purpose of this instance.",
      "default": {},
      "examples": [
        {
          "fullPath": "/path_to_object/object",
          "fileName": "object"
        }
      ],
      "required": [
        "fullPath",
        "fileName"
      ],
      "properties": {
        "fullPath": {
          "$id": "#/properties/objectLocation/properties/fullPath",
          "type": "string",
          "title": "The fullPath schema",
          "description": "An explanation about the purpose of this instance.",
          "default": "",
          "examples": [
            "/path_to_object/object"
          ]
        },
        "fileName": {
          "$id": "#/properties/objectLocation/properties/fileName",
          "type": "string",
          "title": "The fileName schema",
          "description": "An explanation about the purpose of this instance.",
          "default": "",
          "examples": [
            "object"
          ]
        }
      },
      "additionalProperties": false
    },
    "versionId": {
      "$id": "#/properties/versionId",
      "type": "string",
      "title": "The versionId schema",
      "description": "An explanation about the purpose of this instance.",
      "default": "",
      "examples": [
        "00000000-0000-0000-0000-000000000000"
      ]
    }
  },
  "additionalProperties": false
}